Compiling 2 files with $SOLC_VERSION
Solc $SOLC_VERSION finished in $TIME
Compiler run successful!

Running 1 test for src/ATest.t.sol:ATest
[PASS] testExample() (gas: 168)
Test result: ok. 1 passed; 0 failed; 0 skipped; finished in $TIME
 
Ran 1 test suites: 1 tests passed, 0 failed, 0 skipped (1 total tests)
