Compiling 1 files with $SOLC_VERSION
Solc $SOLC_VERSION finished in $TIME
Compiler run successful!
