No files changed, compilation skipped

Running 2 tests for test/Counter.t.sol:CounterTest
[PASS] testFuzz_SetNumber(uint256) (runs: $RUNS, Î¼: $MEAN, ~: $MEDIAN)
[PASS] test_Increment() (gas: 28379)
Test result: ok. 2 passed; 0 failed; 0 skipped; finished in $TIME
 
Ran 1 test suites: 2 tests passed, 0 failed, 0 skipped (2 total tests)
