Compiling 1 files with $SOLC_VERSION
Solc $SOLC_VERSION finished in $TIME
Compiler run successful!
Script ran successfully.
Gas used: 22900

== Return ==
result: uint256 255
1: uint8 3

== Logs ==
  script ran
