Compiling 1 files with $SOLC_VERSION
Solc $SOLC_VERSION finished in $TIME
Compiler run successful!

No tests found in project! Forge looks for functions that starts with `test`.
