Compiling 1 files with $SOLC_VERSION
Solc $SOLC_VERSION finished in $TIME
Compiler run successful!

No tests match the provided pattern:
	match-test: `testA.*`
	no-match-test: `testB.*`
	match-contract: `TestC.*`
	no-match-contract: `TestD.*`
	match-path: `*TestE*`
	no-match-path: `*TestF*`
